******************************************************************************
                  TI ARM Linker PC v20.2.4                     
******************************************************************************
>> Linked Mon Jan 18 13:35:15 2021

OUTPUT FILE NAME:   <ece230project4BrothertonC.out>
ENTRY POINT SYMBOL: "_c_int00_noargs"  address: 00000541


MEMORY CONFIGURATION

         name            origin    length      used     unused   attr    fill
----------------------  --------  ---------  --------  --------  ----  --------
  MAIN                  00000000   00040000  000006dc  0003f924  R  X
  INFO                  00200000   00004000  00000000  00004000  R  X
  SRAM_CODE             01000000   00010000  0000022b  0000fdd5  RW X
  SRAM_DATA             20000000   00010000  0000022b  0000fdd5  RW  


SEGMENT ALLOCATION MAP

run origin  load origin   length   init length attrs members
----------  ----------- ---------- ----------- ----- -------
00000000    00000000    000006e0   000006e0    r-x
  00000000    00000000    000000e4   000000e4    r-- .intvecs
  000000e4    000000e4    00000570   00000570    r-x .text
  00000654    00000654    00000048   00000048    r-- .const
  000006a0    000006a0    00000040   00000040    r-- .cinit
20000000    20000000    0000002b   00000000    rw-
  20000000    20000000    0000002b   00000000    rw- .data
2000fe00    2000fe00    00000200   00000000    rw-
  2000fe00    2000fe00    00000200   00000000    rw- .stack


SECTION ALLOCATION MAP

 output                                  attributes/
section   page    origin      length       input sections
--------  ----  ----------  ----------   ----------------
.intvecs   0    00000000    000000e4     
                  00000000    000000e4     startup_msp432p401r_ccs.obj (.intvecs:retain)

.text      0    000000e4    00000570     
                  000000e4    0000009c     rtsv7M4_T_le_v4SPD16_eabi.lib : memcpy_t2.asm.obj (.text)
                  00000180    00000094     Motors.obj (.text:Motors_init)
                  00000214    00000094     main.obj (.text:PORT1_IRQHandler)
                  000002a8    00000078     system_msp432p401r.obj (.text:SystemInit)
                  00000320    00000068     rtsv7M4_T_le_v4SPD16_eabi.lib : copy_decompress_lzss.c.obj (.text:decompress:lzss:__TI_decompress_lzss)
                  00000388    00000060     main.obj (.text:TA1_0_IRQHandler)
                  000003e8    00000058     msp432p4xx_driverlib.lib : gpio.o (.text:GPIO_setAsInputPinWithPullUpResistor)
                  00000440    00000044     rtsv7M4_T_le_v4SPD16_eabi.lib : autoinit.c.obj (.text:__TI_auto_init_nobinit_nopinit:__TI_auto_init_nobinit_nopinit)
                  00000484    00000040     msp432p4xx_driverlib.lib : gpio.o (.text:GPIO_setAsOutputPin)
                  000004c4    00000040     Motors.obj (.text:update_servo)
                  00000504    0000003c     Switches.obj (.text:Switch_init)
                  00000540    00000034     rtsv7M4_T_le_v4SPD16_eabi.lib : boot_cortex_m.c.obj (.text:_c_int00_noargs:_c_int00_noargs)
                  00000574    00000030     main.obj (.text:setup)
                  000005a4    00000028     msp432p4xx_driverlib.lib : gpio.o (.text:GPIO_setOutputLowOnPin)
                  000005cc    00000028     Motors.obj (.text:update_motor)
                  000005f4    00000014     rgbLED.obj (.text:RGBLED_init)
                  00000608    00000014     main.obj (.text:main)
                  0000061c    00000014     rgbLED.obj (.text:update_LEDs)
                  00000630    0000000e     rtsv7M4_T_le_v4SPD16_eabi.lib : copy_decompress_none.c.obj (.text:decompress:none:__TI_decompress_none)
                  0000063e    0000000c     startup_msp432p401r_ccs.obj (.text:Reset_Handler)
                  0000064a    00000004     rtsv7M4_T_le_v4SPD16_eabi.lib : pre_init.c.obj (.text:_system_pre_init)
                  0000064e    00000004                                   : exit.c.obj (.text:abort:abort)
                  00000652    00000002     startup_msp432p401r_ccs.obj (.text:Default_Handler)

.const     0    00000654    00000048     
                  00000654    00000030     msp432p4xx_driverlib.lib : gpio.o (.const:GPIO_PORT_TO_BASE)
                  00000684    00000018     Motors.obj (.const:$P$T0$1)

.cinit     0    000006a0    00000040     
                  000006a0    0000002f     (.cinit..data.load) [load image, compression = lzss]
                  000006cf    00000001     --HOLE-- [fill = 0]
                  000006d0    00000008     (__TI_handler_table)
                  000006d8    00000008     (__TI_cinit_table)

.init_array 
*          0    00000000    00000000     UNINITIALIZED

.binit     0    00000000    00000000     

.data      0    20000000    0000002b     UNINITIALIZED
                  20000000    00000018     Motors.obj (.data:pwmConfig)
                  20000018    00000010     main.obj (.data:stepperSequence)
                  20000028    00000003     main.obj (.data)

.stack     0    2000fe00    00000200     UNINITIALIZED
                  2000fe00    00000004     rtsv7M4_T_le_v4SPD16_eabi.lib : boot_cortex_m.c.obj (.stack)
                  2000fe04    000001fc     --HOLE--

__llvm_prf_cnts 
*          0    20000000    00000000     UNINITIALIZED

MODULE SUMMARY

       Module                        code   ro data   rw data
       ------                        ----   -------   -------
    .\
       main.obj                      312    0         38     
       Motors.obj                    252    24        48     
       system_msp432p401r.obj        120    0         0      
       Switches.obj                  60     0         0      
       rgbLED.obj                    40     0         0      
    +--+-----------------------------+------+---------+---------+
       Total:                        784    24        86     
                                                             
    .\ccs\
       startup_msp432p401r_ccs.obj   14     228       0      
    +--+-----------------------------+------+---------+---------+
       Total:                        14     228       0      
                                                             
    C:/ti/simplelink_msp432p4_sdk_3_40_01_02/source/ti/devices/msp432p4xx/driverlib/ccs/msp432p4xx_driverlib.lib
       gpio.o                        192    48        0      
    +--+-----------------------------+------+---------+---------+
       Total:                        192    48        0      
                                                             
    C:\ti\ccs1011\ccs\tools\compiler\ti-cgt-arm_20.2.4.LTS\lib\rtsv7M4_T_le_v4SPD16_eabi.lib
       memcpy_t2.asm.obj             156    0         0      
       copy_decompress_lzss.c.obj    104    0         0      
       autoinit.c.obj                68     0         0      
       boot_cortex_m.c.obj           52     0         0      
       copy_decompress_none.c.obj    14     0         0      
       exit.c.obj                    4      0         0      
       pre_init.c.obj                4      0         0      
    +--+-----------------------------+------+---------+---------+
       Total:                        402    0         0      
                                                             
       Stack:                        0      0         1024   
       Linker Generated:             0      63        0      
    +--+-----------------------------+------+---------+---------+
       Grand Total:                  1392   363       1110   


LINKER GENERATED COPY TABLES

__TI_cinit_table @ 000006d8 records: 1, size/record: 8, table size: 8
	.data: load addr=000006a0, load size=0000002f bytes, run addr=20000000, run size=0000002b bytes, compression=lzss


LINKER GENERATED HANDLER TABLE

__TI_handler_table @ 000006d0 records: 2, size/record: 4, table size: 8
	index: 0, handler: __TI_decompress_lzss
	index: 1, handler: __TI_decompress_none


GLOBAL SYMBOLS: SORTED ALPHABETICALLY BY Name 

address   name                                
-------   ----                                
00000653  ADC14_IRQHandler                    
00000653  AES256_IRQHandler                   
00000653  BusFault_Handler                    
0000064f  C$$EXIT                             
00000653  COMP_E0_IRQHandler                  
00000653  COMP_E1_IRQHandler                  
00000653  CS_IRQHandler                       
00000653  DMA_ERR_IRQHandler                  
00000653  DMA_INT0_IRQHandler                 
00000653  DMA_INT1_IRQHandler                 
00000653  DMA_INT2_IRQHandler                 
00000653  DMA_INT3_IRQHandler                 
00000653  DebugMon_Handler                    
00000653  Default_Handler                     
00000653  EUSCIA0_IRQHandler                  
00000653  EUSCIA1_IRQHandler                  
00000653  EUSCIA2_IRQHandler                  
00000653  EUSCIA3_IRQHandler                  
00000653  EUSCIB0_IRQHandler                  
00000653  EUSCIB1_IRQHandler                  
00000653  EUSCIB2_IRQHandler                  
00000653  EUSCIB3_IRQHandler                  
00000653  FLCTL_IRQHandler                    
00000653  FPU_IRQHandler                      
000003e9  GPIO_setAsInputPinWithPullUpResistor
00000485  GPIO_setAsOutputPin                 
000005a5  GPIO_setOutputLowOnPin              
00000653  HardFault_Handler                   
00000653  MemManage_Handler                   
00000181  Motors_init                         
00000653  NMI_Handler                         
00000653  PCM_IRQHandler                      
00000215  PORT1_IRQHandler                    
00000215  PORT1_IRQHandler                    
00000653  PORT2_IRQHandler                    
00000653  PORT3_IRQHandler                    
00000653  PORT4_IRQHandler                    
00000653  PORT5_IRQHandler                    
00000653  PORT6_IRQHandler                    
00000653  PSS_IRQHandler                      
00000653  PendSV_Handler                      
000005f5  RGBLED_init                         
2000002a  RPM                                 
00000653  RTC_C_IRQHandler                    
0000063f  Reset_Handler                       
00000653  SVC_Handler                         
00000505  Switch_init                         
00000653  SysTick_Handler                     
000002a9  SystemInit                          
00000653  T32_INT1_IRQHandler                 
00000653  T32_INT2_IRQHandler                 
00000653  T32_INTC_IRQHandler                 
00000653  TA0_0_IRQHandler                    
00000653  TA0_N_IRQHandler                    
00000389  TA1_0_IRQHandler                    
00000389  TA1_0_IRQHandler                    
00000653  TA1_N_IRQHandler                    
00000653  TA2_0_IRQHandler                    
00000653  TA2_N_IRQHandler                    
00000653  TA3_0_IRQHandler                    
00000653  TA3_N_IRQHandler                    
00000653  UsageFault_Handler                  
4000480c  WDTCTL_SYM                          
00000653  WDT_A_IRQHandler                    
20010000  __STACK_END                         
00000200  __STACK_SIZE                        
000006d8  __TI_CINIT_Base                     
000006e0  __TI_CINIT_Limit                    
000006d0  __TI_Handler_Table_Base             
000006d8  __TI_Handler_Table_Limit            
00000441  __TI_auto_init_nobinit_nopinit      
00000321  __TI_decompress_lzss                
00000631  __TI_decompress_none                
ffffffff  __TI_pprof_out_hndl                 
ffffffff  __TI_prof_data_size                 
ffffffff  __TI_prof_data_start                
00000000  __TI_static_base__                  
000000e5  __aeabi_memcpy                      
000000e5  __aeabi_memcpy4                     
000000e5  __aeabi_memcpy8                     
ffffffff  __binit__                           
ffffffff  __c_args__                          
UNDEFED   __mpu_init                          
2000fe00  __stack                             
20000000  __start___llvm_prf_cnts             
20000000  __stop___llvm_prf_cnts              
00000541  _c_int00_noargs                     
UNDEFED   _system_post_cinit                  
0000064b  _system_pre_init                    
0000064f  abort                               
ffffffff  binit                               
20000028  currentStep                         
20000029  direction                           
00000000  interruptVectors                    
00000609  main                                
000000e5  memcpy                              
20000000  pwmConfig                           
00000575  setup                               
20000018  stepperSequence                     
0000061d  update_LEDs                         
000005cd  update_motor                        
000004c5  update_servo                        


GLOBAL SYMBOLS: SORTED BY Symbol Address 

address   name                                
-------   ----                                
00000000  __TI_static_base__                  
00000000  interruptVectors                    
000000e5  __aeabi_memcpy                      
000000e5  __aeabi_memcpy4                     
000000e5  __aeabi_memcpy8                     
000000e5  memcpy                              
00000181  Motors_init                         
00000200  __STACK_SIZE                        
00000215  PORT1_IRQHandler                    
00000215  PORT1_IRQHandler                    
000002a9  SystemInit                          
00000321  __TI_decompress_lzss                
00000389  TA1_0_IRQHandler                    
00000389  TA1_0_IRQHandler                    
000003e9  GPIO_setAsInputPinWithPullUpResistor
00000441  __TI_auto_init_nobinit_nopinit      
00000485  GPIO_setAsOutputPin                 
000004c5  update_servo                        
00000505  Switch_init                         
00000541  _c_int00_noargs                     
00000575  setup                               
000005a5  GPIO_setOutputLowOnPin              
000005cd  update_motor                        
000005f5  RGBLED_init                         
00000609  main                                
0000061d  update_LEDs                         
00000631  __TI_decompress_none                
0000063f  Reset_Handler                       
0000064b  _system_pre_init                    
0000064f  C$$EXIT                             
0000064f  abort                               
00000653  ADC14_IRQHandler                    
00000653  AES256_IRQHandler                   
00000653  BusFault_Handler                    
00000653  COMP_E0_IRQHandler                  
00000653  COMP_E1_IRQHandler                  
00000653  CS_IRQHandler                       
00000653  DMA_ERR_IRQHandler                  
00000653  DMA_INT0_IRQHandler                 
00000653  DMA_INT1_IRQHandler                 
00000653  DMA_INT2_IRQHandler                 
00000653  DMA_INT3_IRQHandler                 
00000653  DebugMon_Handler                    
00000653  Default_Handler                     
00000653  EUSCIA0_IRQHandler                  
00000653  EUSCIA1_IRQHandler                  
00000653  EUSCIA2_IRQHandler                  
00000653  EUSCIA3_IRQHandler                  
00000653  EUSCIB0_IRQHandler                  
00000653  EUSCIB1_IRQHandler                  
00000653  EUSCIB2_IRQHandler                  
00000653  EUSCIB3_IRQHandler                  
00000653  FLCTL_IRQHandler                    
00000653  FPU_IRQHandler                      
00000653  HardFault_Handler                   
00000653  MemManage_Handler                   
00000653  NMI_Handler                         
00000653  PCM_IRQHandler                      
00000653  PORT2_IRQHandler                    
00000653  PORT3_IRQHandler                    
00000653  PORT4_IRQHandler                    
00000653  PORT5_IRQHandler                    
00000653  PORT6_IRQHandler                    
00000653  PSS_IRQHandler                      
00000653  PendSV_Handler                      
00000653  RTC_C_IRQHandler                    
00000653  SVC_Handler                         
00000653  SysTick_Handler                     
00000653  T32_INT1_IRQHandler                 
00000653  T32_INT2_IRQHandler                 
00000653  T32_INTC_IRQHandler                 
00000653  TA0_0_IRQHandler                    
00000653  TA0_N_IRQHandler                    
00000653  TA1_N_IRQHandler                    
00000653  TA2_0_IRQHandler                    
00000653  TA2_N_IRQHandler                    
00000653  TA3_0_IRQHandler                    
00000653  TA3_N_IRQHandler                    
00000653  UsageFault_Handler                  
00000653  WDT_A_IRQHandler                    
000006d0  __TI_Handler_Table_Base             
000006d8  __TI_CINIT_Base                     
000006d8  __TI_Handler_Table_Limit            
000006e0  __TI_CINIT_Limit                    
20000000  __start___llvm_prf_cnts             
20000000  __stop___llvm_prf_cnts              
20000000  pwmConfig                           
20000018  stepperSequence                     
20000028  currentStep                         
20000029  direction                           
2000002a  RPM                                 
2000fe00  __stack                             
20010000  __STACK_END                         
4000480c  WDTCTL_SYM                          
ffffffff  __TI_pprof_out_hndl                 
ffffffff  __TI_prof_data_size                 
ffffffff  __TI_prof_data_start                
ffffffff  __binit__                           
ffffffff  __c_args__                          
ffffffff  binit                               
UNDEFED   __mpu_init                          
UNDEFED   _system_post_cinit                  

[102 symbols]
